{
  "accessGroup": "323e77f5-68c2-43d8-8457-818bbd663938",
  "lastModified": 1765286821,
  "keys": [
    {
      "name": "c91f9b21-5280-44de-9e67-9c39aaea28ad",
      "version": 1,
      "lastModified": 1756990707,
      "key": "nPq32LjaydO0k9bKn5I3/g=="
    },
    {
      "name": "5649aae9-2b8c-4359-97d5-a73f529f39a8",
      "version": 1,
      "lastModified": 1756990697,
      "key": "zF8s/9CVgeiCpOA9TT/gLA=="
    },
    {
      "name": "57da4719-af2d-4850-b7d1-0d51b2214bd2",
      "version": 1,
      "lastModified": 1756878725,
      "key": "yPUWhvq18TBYKG41WENprQ=="
    },
    {
      "name": "149e9e8d-fa91-4769-ab75-6999b0f82a5f",
      "version": 1,
      "lastModified": 1755567676,
      "key": "LWp8+BmJQ7iCboojG19aqw=="
    },
    {
      "name": "9654d0e6-6f12-4f7f-8afc-07b97f3b554c",
      "version": 1,
      "lastModified": 1754918932,
      "key": "EKhO8frYaH8fkPqvhnp28g=="
    },
    {
      "name": "48579ee3-35ff-4a7e-9723-d802882fb726",
      "version": 1,
      "lastModified": 1754918918,
      "key": "e9FQqHvrq7/fS/DZqxVPCQ=="
    },
    {
      "name": "0ea037b0-b5be-43f7-bf1e-0c0a1e226e56",
      "version": 1,
      "lastModified": 1753964516,
      "key": "4Bh/m1cI24FWR4D2JfNp8w=="
    },
    {
      "name": "e6241483-2375-4999-8ef5-401ec1b347c9",
      "version": 1,
      "lastModified": 1753250915,
      "key": "wCzPUgpnBU5i0tUQPo2jGg=="
    },
    {
      "name": "fe67fbb8-2374-47e0-b410-175187fe48f0",
      "version": 1,
      "lastModified": 1753250505,
      "key": "wbAa3onTExPb91PZ/pUBhw=="
    },
    {
      "name": "739dd122-eb34-476f-937c-c0ea55160a29",
      "version": 1,
      "lastModified": 1752479841,
      "key": "BbpoeivhY0canJVahno/vA=="
    },
    {
      "name": "8b642613-7bcc-4150-8123-ba71c4192451",
      "version": 1,
      "lastModified": 1751165530,
      "key": "ySuDOBLlqkNvKHq590PeEg=="
    },
    {
      "name": "fadccf0d-d86c-4040-8315-b03687fc9178",
      "version": 1,
      "lastModified": 1750830862,
      "key": "dc5qI3jH0sQN/4uawn5Oiw=="
    },
    {
      "name": "db973e79-2730-4fc6-9bd6-48da64c3c23f",
      "version": 1,
      "lastModified": 1749448450,
      "key": "ia+71x/KeqnvoUmwMuRQxQ=="
    },
    {
      "name": "b7ff0bb3-3efb-4a25-b048-e96d4151c778",
      "version": 1,
      "lastModified": 1748424450,
      "key": "KzAqCvj9KkyuCXNDQPc44g=="
    },
    {
      "name": "03ab5c63-7b76-409c-bee8-d80fc52b3774",
      "version": 1,
      "lastModified": 1742230407,
      "key": "JzQfT2q7CZCYGSBoRFwKNQ=="
    },
    {
      "name": "a5d55978-cc5c-4e8e-89fa-00327cf6b1c6",
      "version": 1,
      "lastModified": 1739945369,
      "key": "9JG5F9yNhfsEBprnO6fdFg=="
    },
    {
      "name": "8f9838bf-225e-409b-9200-a8486134cf26",
      "version": 1,
      "lastModified": 1739177151,
      "key": "UJ5j5vo89QqZEJwYjTKTgA=="
    },
    {
      "name": "5752edb0-bc1e-4c1b-b7ce-52458d76158f",
      "version": 1,
      "lastModified": 1729244367,
      "key": "RIK3yVIeNYd6puZY4qp1Vg=="
    },
    {
      "name": "6773acf9-f7ce-457a-b8de-dee8d619c722",
      "version": 1,
      "lastModified": 1729244356,
      "key": "jSWyVf7yqGm+r3gn/KomvQ=="
    },
    {
      "name": "e792255f-9649-4f39-ad87-c7ee6dbfae46",
      "version": 1,
      "lastModified": 1723138497,
      "key": "nDuJhm4jz+g0Z994KncZPQ=="
    },
    {
      "name": "8309d958-a97e-4914-919c-803af06f3d5a",
      "version": 1,
      "lastModified": 1722426947,
      "key": "4r6zXYA9eeAwF9Z9BIAzBA=="
    },
    {
      "name": "4adb5e56-93ac-4233-bd54-3826d8535602",
      "version": 1,
      "lastModified": 1722426812,
      "key": "wyd05GzCPXSkVUfRicQsTQ=="
    },
    {
      "name": "36008779-0562-4cf6-871d-d756114a25ba",
      "version": 1,
      "lastModified": 1722426704,
      "key": "1WhqZgTq/0x2k3TtEYUk2A=="
    },
    {
      "name": "fc6ecef3-b8e8-4388-819b-d468df5fb5b6",
      "version": 1,
      "lastModified": 1722426547,
      "key": "u3Qi1A7ZV8I9a4dJUoCCmA=="
    },
    {
      "name": "537df0f5-c1d6-41fb-a93f-034c66c9a1b7",
      "version": 1,
      "lastModified": 1722426360,
      "key": "LoOCjL5kl3vNrZuQlYsOmA=="
    },
    {
      "name": "85219b54-2288-43cd-b3eb-8e7cfaebd626",
      "version": 1,
      "lastModified": 1722426147,
      "key": "47wl53FPysep670BQ11jNw=="
    },
    {
      "name": "5fe9f897-c572-447c-b6ab-80507d3ba795",
      "version": 1,
      "lastModified": 1722394000,
      "key": "R3D7xcY0gJ8yUbLJ6nz7Pg=="
    },
    {
      "name": "34d500f2-9e0f-4d8f-88b8-16ada2fec28b",
      "version": 1,
      "lastModified": 1721411828,
      "key": "mGuQ0oPzvfnQdcT+0i5ZuQ=="
    },
    {
      "name": "9c0fd385-be94-49e0-93ff-7760a155a3f4",
      "version": 1,
      "lastModified": 1721050752,
      "key": "XwyVAvn1XM2+krAHpZ8fqg=="
    },
    {
      "name": "65d3d29d-1f3d-4d1d-b366-087b7fd9d34b",
      "version": 1,
      "lastModified": 1714483630,
      "key": "2D5MrgEtArWpx9PvjgIvrw=="
    },
    {
      "name": "f17a9bfd-c2ee-42c4-9aeb-d4c91b3525fb",
      "version": 1,
      "lastModified": 1714483603,
      "key": "V70mKWkalO0qgaWbn/m68Q=="
    },
    {
      "name": "5e5de543-e4e7-42e2-a5a5-11a92ace2894",
      "version": 1,
      "lastModified": 1714483514,
      "key": "jId72NkKjiwWoLtA6mPLIA=="
    },
    {
      "name": "8f118841-e226-4e52-a905-8cad25c37586",
      "version": 1,
      "lastModified": 1713852832,
      "key": "meAWr/Yz08ttC4WTtjoGBQ=="
    },
    {
      "name": "5d3a7b31-b5e4-4423-b416-f110c3a3509b",
      "version": 1,
      "lastModified": 1712304511,
      "key": "lPjnqjpz2pCmOEegg61k0g=="
    },
    {
      "name": "ded9b1b7-7980-447b-96f8-c1ec7a348acc",
      "version": 1,
      "lastModified": 1712050738,
      "key": "cyg0qPRKZBYEOfhg1dgXKw=="
    },
    {
      "name": "d0060b7c-a1c6-497d-9e24-74e0995aa7ae",
      "version": 1,
      "lastModified": 1709823471,
      "key": "bLQIldzKKf/f4LhbPSrwSw=="
    },
    {
      "name": "8b6c3671-6826-4679-aeb1-1b40dd6151a7",
      "version": 1,
      "lastModified": 1708605851,
      "key": "jTeJ9MgL+cWkgz3/muRM1g=="
    },
    {
      "name": "c6dc137e-70b9-42c4-9997-7825ace2bbee",
      "version": 1,
      "lastModified": 1708414010,
      "key": "xv8kJha5C2Vd8aQ8gt3hcQ=="
    },
    {
      "name": "2f185790-f69e-43f4-bf09-1351b75b8764",
      "version": 1,
      "lastModified": 1708413992,
      "key": "7I89MiDpB7A79w9S31TG+w=="
    },
    {
      "name": "5667f903-0cca-4977-930f-ac87fb2cd550",
      "version": 1,
      "lastModified": 1708413974,
      "key": "ORb0vPJomkDlV31GKUWe1Q=="
    },
    {
      "name": "bcedc65a-b7bd-4274-9b71-9534b7437378",
      "version": 1,
      "lastModified": 1708413953,
      "key": "ISrrU1D59Yj9gwHlmvfRPA=="
    },
    {
      "name": "fda8712d-8146-44b4-b6e8-e5fb70bc7c32",
      "version": 1,
      "lastModified": 1707830420,
      "key": "x8/V9VH5gInXSK48tidACA=="
    },
    {
      "name": "29fb0813-d216-436f-858a-d9990ce0c19e",
      "version": 1,
      "lastModified": 1699034719,
      "key": "Ym7XYbXecfYBwBoTi8qR7Q=="
    },
    {
      "name": "cf7f06f7-1e42-413b-86c6-75d173a4e9fa",
      "version": 1,
      "lastModified": 1696442719,
      "key": "udp3BkRAwsatpb57rkxEMQ=="
    },
    {
      "name": "aeb1a861-afb5-4a65-b17d-1d9ca62b0fd4",
      "version": 1,
      "lastModified": 1686072881,
      "key": "w161NEq9KcKcEf4DgI/TaQ=="
    },
    {
      "name": "eb56370e-842f-42f2-971e-d18493d6260c",
      "version": 1,
      "lastModified": 1684411093,
      "key": "nd0ZXtP//3HVQhduxHNabg=="
    },
    {
      "name": "af9d548f-0d4d-407c-9400-4950dfe60af5",
      "version": 1,
      "lastModified": 1682427684,
      "key": "ov3EsCEDYejLoCnrDlP2bQ=="
    },
    {
      "name": "ad3e4085-55be-40ae-8b4a-afeedb479a3d",
      "version": 1,
      "lastModified": 1682070236,
      "key": "EcaJiJw7FxiA99yrQ50dag=="
    },
    {
      "name": "e2078a5b-1a75-4448-89c0-28d2ed999eed",
      "version": 1,
      "lastModified": 1680701226,
      "key": "U4aeuzmNhfFi7q/kfqcuxw=="
    },
    {
      "name": "7a54035a-15e8-4969-b313-cd15e8221989",
      "version": 1,
      "lastModified": 1675143414,
      "key": "w8/HDfy5vDjhRVN+ujX8MA=="
    },
    {
      "name": "1b347b98-ab98-4f91-a75c-d8ff465140eb",
      "version": 1,
      "lastModified": 1673002320,
      "key": "8CTcOf3ewMiVak6vto1jqA=="
    },
    {
      "name": "9f33a133-2c76-4a8c-8d09-d8f91c075edd",
      "version": 1,
      "lastModified": 1672849652,
      "key": "c9BnDoC6qnrGpsEApVauQg=="
    },
    {
      "name": "a2637811-eee7-48e7-8afe-5eaa4678b2fa",
      "version": 1,
      "lastModified": 1671102088,
      "key": "6wsl+4ir5PR5c3nigQTIqw=="
    },
    {
      "name": "592f83a9-a345-492f-a4a8-52f3cec4c83f",
      "version": 1,
      "lastModified": 1670445764,
      "key": "fuDBC5V+ef8tCV5bDvy5ZA=="
    },
    {
      "name": "f6effd4e-c0d1-44c6-b413-c7fdfcf4beaa",
      "version": 1,
      "lastModified": 1669121330,
      "key": "vtlt6qW2Mwn/4o16PS0wUw=="
    },
    {
      "name": "ab541663-02b8-4a1e-8f6f-cf61026146ba",
      "version": 1,
      "lastModified": 1668033409,
      "key": "ZAay5cdJT04Mq9B3lwYprA=="
    },
    {
      "name": "a7fe3485-5625-448b-b588-25c39d8bc361",
      "version": 1,
      "lastModified": 1666715008,
      "key": "l7ec9gEEwc1TNrA01subxw=="
    },
    {
      "name": "3e74c7f5-b6b0-4713-a7d6-6064c5b62abe",
      "version": 1,
      "lastModified": 1654687886,
      "key": "UpUD58wnJ/dtAP6bJr+WIg=="
    },
    {
      "name": "b895e0bb-0970-4eb5-a623-ab5abc2fddfd",
      "version": 1,
      "lastModified": 1652975873,
      "key": "L/zJSb8VtDMxwHGPKJRZEw=="
    },
    {
      "name": "3244f451-fbbd-4bff-a1de-2980b43a0945",
      "version": 1,
      "lastModified": 1652954991,
      "key": "+LRMmq5BNwk2hLuOkrKXYQ=="
    },
    {
      "name": "f360d8db-0a66-483a-bcb0-10b815ee33f3",
      "version": 1,
      "lastModified": 1651660914,
      "key": "vBUuHIDrNg3szvINq0+Alw=="
    },
    {
      "name": "304bdf87-873a-43c6-b304-b5251a7022b7",
      "version": 1,
      "lastModified": 1651660784,
      "key": "tS8GCmsAoloOCPWrkF6CSA=="
    },
    {
      "name": "08433fa9-a82d-4606-82c8-6a1af6af6d17",
      "version": 1,
      "lastModified": 1650901133,
      "key": "KQ2QE04hjTp3arQ4pHuGgQ=="
    },
    {
      "name": "d7342e8f-eef6-494c-a590-c9f57a3325fb",
      "version": 1,
      "lastModified": 1649838344,
      "key": "vLdyBkwq5jaHdwqRkNpYyg=="
    },
    {
      "name": "47c0f192-0deb-4b57-b179-58ee027b5a28",
      "version": 1,
      "lastModified": 1648207340,
      "key": "Rm/2K1xVqR60DR+nn2aRLw=="
    },
    {
      "name": "0633cc6c-763e-4a1f-a4f2-cd0a59d3c276",
      "version": 1,
      "lastModified": 1641909816,
      "key": "dDJYYhE+b+uWUAIbgx1+wQ=="
    },
    {
      "name": "517f09f4-3437-423b-9200-ba3193452165",
      "version": 1,
      "lastModified": 1641884912,
      "key": "3fNGy/7Jv0zjmYI0MXdh+A=="
    },
    {
      "name": "c3270c84-2b30-4dd4-8b89-dcb8cf5de05d",
      "version": 1,
      "lastModified": 1639678161,
      "key": "mJCHUM4If7I/bYuxZ90SIQ=="
    },
    {
      "name": "4bf9744b-f3c0-49b6-98f6-e5030e9a3f72",
      "version": 1,
      "lastModified": 1639116152,
      "key": "24KqrdKKxj/jD7LENyuZdw=="
    },
    {
      "name": "ca2e711c-b252-40b9-8ecf-64c83f555a00",
      "version": 1,
      "lastModified": 1638395654,
      "key": "+MohDY7q1pSI6YYh+hC6Pg=="
    },
    {
      "name": "5e7376d6-37d9-41aa-81a0-1d18489ad6df",
      "version": 1,
      "lastModified": 1637173820,
      "key": "3FoY6SVFVjSSokc34R4G8A=="
    }
  ]
}